X 0100 000000
X 0101 000000
X 0102 000000
X 0103 000000
X 0104 000000
X 0105 000000
X 0106 000000
P 0000 08F485
P 0001 000FFF
P 0002 44F400
P 0003 004100
P 0004 447000
P 0005 000100
P 0006 44F400
P 0007 080403
P 0008 447000
P 0009 000101
P 000A 44F400
P 000B 000201
P 000C 447000
P 000D 000102
P 000E 44F400
P 000F 001400
P 0010 447000
P 0011 000103
P 0012 44F400
P 0013 000000
P 0014 447000
P 0015 000104
P 0016 447000
P 0017 000105
P 0018 447000
P 0019 000106
P 001A 08F496
P 001B 000002
P 001C 08F495
P 001D 000100
P 001E 08F494
P 001F 000100
P 0020 08F484
P 0021 000001
P 0022 0A8581
P 0023 000022
P 0024 08F485
P 0025 000002
P 0026 60F400
P 0027 001400
P 0028 61F400
P 0029 0014C0
P 002A 62F400
P 002B 001500
P 002C 062080
P 002D 000033
P 002E 56D900
P 002F 57DA00
P 0030 200010
P 0031 57E000
P 0032 200010
P 0033 565800
P 0034 60F400
P 0035 001420
P 0036 61F400
P 0037 0014E0
P 0038 62F400
P 0039 001520
P 003A 062080
P 003B 000041
P 003C 56D900
P 003D 57DA00
P 003E 200010
P 003F 57E000
P 0040 200010
P 0041 565800
P 0042 08F485
P 0043 000080
P 0044 08F494
P 0045 000100
P 0046 08F496
P 0047 000001
P 0048 0A8587
P 0049 000048
P 004A 08F485
P 004B 000080
P 004C 0AF080
P 004D 000020
I 000080 DSP_IRQ_DMA_EOL_MASK
I 000001 DSP_IRQ_START_FRAME_BIT
I FFFFD6 DMA_CONTROL
I 000022 _wait_for_frame
I 000002 DSP_IRQ_START_FRAME_MASK
I FFFFD5 DMA_START_BLOCK
I 000001 DMA_CONTROL_START
I 001400 MIXBIN_BASE_ADDR
I 000003 DMA_CONTROL_FREEZE
I 000000 DMA_MAP_XMEM
I 001480 MIXBIN_REAR_LEFT
I 0014C0 MIXBIN_HRTF_6
I 001500 MIXBIN_HRTF_8
I 000034 _mix_left
I 000042 _mix_right
I 000100 dma_node0
I 000000 DSP_IRQ_ABORT_FRAME_BIT
I 000004 DMA_CONTROL_UNFREEZE
I 000000 _start
I 0014A0 MIXBIN_REAR_RIGHT
I 001440 MIXBIN_CENTER
I 000000 DSP_IRQ_ABORT_FRAME_MASK
I 000007 DSP_IRQ_DMA_EOL_BIT
I 001520 MIXBIN_HRTF_9
I 000020 _audio_loop
I 001800 DMA_MAP_YMEM
I FFFFD4 DMA_NEXT_BLOCK
I 002800 DMA_MAP_PMEM
I 0014E0 MIXBIN_HRTF_7
I 000002 DMA_CONTROL_STOP
I FFFFC5 DSP_IRQ_STATUS
I 001420 MIXBIN_FRONT_RIGHT
I 000005 DMA_CONTROL_ABORT
I 001400 MIXBIN_FRONT_LEFT
I FFFFC4 DSP_REG_YIELD
I 000048 _wait_dma_eol
I 001460 MIXBIN_LFE
